Test Git Quick Start demo
Last login: Mon Jan 22 12:10:55 on ttys001
MacBook-Pro:~ wangcarlos$ cd projects/
MacBook-Pro:projects wangcarlos$ ls
projects
MacBook-Pro:projects wangcarlos$ 
MacBook-Pro:projects wangcarlos$ ls
projects
MacBook-Pro:projects wangcarlos$ git ls
git: 'ls' is not a git command. See 'git --help'.

Did you mean this?
	log
MacBook-Pro:projects wangcarlos$ pwd
/Users/wangcarlos/projects
MacBook-Pro:projects wangcarlos$ pwd
/Users/wangcarlos/projects
MacBook-Pro:projects wangcarlos$ git clone https://github.com/wang6978/github-demo.git
Cloning into 'github-demo'...
remote: Counting objects: 3, done.
remote: Total 3 (delta 0), reused 0 (delta 0), pack-reused 0
Unpacking objects: 100% (3/3), done.
MacBook-Pro:projects wangcarlos$ 
MacBook-Pro:projects wangcarlos$ ls
github-demo	projects
MacBook-Pro:projects wangcarlos$ cd github-demo/
MacBook-Pro:github-demo wangcarlos$ ls
README.md
MacBook-Pro:github-demo wangcarlos$ git status
On branch master
Your branch is up-to-date with 'origin/master'.
MacBook-Pro:github-demo wangcarlos$ echo "Test Git Quick Start demo" >> start.txt
MacBook-Pro:github-demo wangcarlos$ ls
README.md	start.txt
MacBook-Pro:github-demo wangcarlos$ cat start.txt
Test Git Quick Start demo
MacBook-Pro:github-demo wangcarlos$ git status 
On branch master
Your branch is up-to-date with 'origin/master'.
Untracked files:
  (use "git add <file>..." to include in what will be committed)

	start.txt

nothing added to commit but untracked files present (use "git add" to track)
MacBook-Pro:github-demo wangcarlos$ git add start.txt
MacBook-Pro:github-demo wangcarlos$ git status 
On branch master
Your branch is up-to-date with 'origin/master'.
Changes to be committed:
  (use "git reset HEAD <file>..." to unstage)

	new file:   start.txt

MacBook-Pro:github-demo wangcarlos$ git commit -m "Adding start text file" 
[master fa18aae] Adding start text file
 1 file changed, 1 insertion(+)
 create mode 100644 start.txt
MacBook-Pro:github-demo wangcarlos$ git status 
On branch master
Your branch is ahead of 'origin/master' by 1 commit.
  (use "git push" to publish your local commits)
nothing to commit, working tree clean
MacBook-Pro:github-demo wangcarlos$ git push origin master 
Username for 'https://github.com': wang6978
Password for 'https://wang6978@github.com': 
remote: Invalid username or password.
fatal: Authentication failed for 'https://github.com/wang6978/github-demo.git/'
MacBook-Pro:github-demo wangcarlos$ git push origin master 
Username for 'https://github.com': wang6978
Password for 'https://wang6978@github.com': 
remote: Invalid username or password.
fatal: Authentication failed for 'https://github.com/wang6978/github-demo.git/'
MacBook-Pro:github-demo wangcarlos$ git push origin master 
Username for 'https://github.com': wang6978
Password for 'https://wang6978@github.com': 
Counting objects: 3, done.
Delta compression using up to 4 threads.
Compressing objects: 100% (2/2), done.
Writing objects: 100% (3/3), 310 bytes | 0 bytes/s, done.
Total 3 (delta 0), reused 0 (delta 0)
To https://github.com/wang6978/github-demo.git
   bccbca1..fa18aae  master -> master
